// Jest Snapshot v1, https://goo.gl/fbAQLP

exports[`Render MovieCardDescr Should MovieCardDescr render correctly 1`] = `
<div
  className="movie-card__desc"
>
  <h2
    className="movie-card__title"
  >
    The Grand Budapest Hotel
  </h2>
  <p
    className="movie-card__meta"
  >
    <span
      className="movie-card__genre"
    >
      Comedy
    </span>
    <span
      className="movie-card__year"
    >
      2014
    </span>
  </p>
  <div
    className="movie-card__buttons"
  >
    <VideoBtn
      film={
        Object {
          "backgroundColor": "#ffffff",
          "backgroundImage": "img/the-grand-budapest-hotel-bg.jpg",
          "description": "In the 1930s, the Grand Budapest Hotel is a popular European ski resort, presided over by concierge Gustave H. (Ralph Fiennes). Zero, a junior lobby boy, becomes Gustave's friend and protege.",
          "director": "Wes Andreson",
          "genre": "Comedy",
          "id": 1,
          "isFavorite": false,
          "name": "The Grand Budapest Hotel",
          "posterImage": "img/the-grand-budapest-hotel-poster.jpg",
          "previewImage": "img/the-grand-budapest-hotel.jpg",
          "previewVideoLink": "https://some-link",
          "rating": 8.9,
          "released": 2014,
          "runTime": 99,
          "scoresCount": 240,
          "starring": Array [
            "Bill Murray",
            "Edward Norton",
            "Jude Law",
            "Willem Dafoe",
            "Saoirse Ronan",
          ],
          "videoLink": "https://some-link",
        }
      }
    />
    <MyListBtn
      film={
        Object {
          "backgroundColor": "#ffffff",
          "backgroundImage": "img/the-grand-budapest-hotel-bg.jpg",
          "description": "In the 1930s, the Grand Budapest Hotel is a popular European ski resort, presided over by concierge Gustave H. (Ralph Fiennes). Zero, a junior lobby boy, becomes Gustave's friend and protege.",
          "director": "Wes Andreson",
          "genre": "Comedy",
          "id": 1,
          "isFavorite": false,
          "name": "The Grand Budapest Hotel",
          "posterImage": "img/the-grand-budapest-hotel-poster.jpg",
          "previewImage": "img/the-grand-budapest-hotel.jpg",
          "previewVideoLink": "https://some-link",
          "rating": 8.9,
          "released": 2014,
          "runTime": 99,
          "scoresCount": 240,
          "starring": Array [
            "Bill Murray",
            "Edward Norton",
            "Jude Law",
            "Willem Dafoe",
            "Saoirse Ronan",
          ],
          "videoLink": "https://some-link",
        }
      }
    />
    <a
      className="btn movie-card__button"
      href="/films/1/review"
      onClick={[Function]}
    >
      Add review
    </a>
  </div>
</div>
`;
