// Jest Snapshot v1, https://goo.gl/fbAQLP

exports[`Render Login Should Login render correctly 1`] = `
<div
  className="user-page"
>
  <Header
    film={null}
    header={
      Object {
        "headClass": "user-page__head",
        "title": "Sign in",
      }
    }
  />
  <div
    className="sign-in user-page__content"
  >
    <FormLogin
      checkValid={[Function]}
      commentValid={true}
      emailValid={true}
      formErrors={
        Object {
          "email": "",
          "password": "",
          "textReview": "",
        }
      }
      formValid={false}
      passwordValid={true}
    />
  </div>
  <Footer />
</div>
`;
